// Jest Snapshot v1, https://goo.gl/fbAQLP

exports[`Show the Where Are page Snapshots Matches the snapshot (with default params) 1`] = `
<div
  className="page"
>
  <div
    className="page whereare jumbotron"
  >
    <h2>
      Where Are
    </h2>
    <p>
      This is the where are page
    </p>
  </div>
  <header
    className="partial about menu"
  >
    <nav
      className="navbar navbar-expand navbar-light bg-info"
    >
      <button
        aria-controls="basic-navbar-nav"
        aria-label="Toggle navigation"
        className="navbar-toggler collapsed"
        onClick={[Function]}
        type="button"
      >
        <span
          className="navbar-toggler-icon"
        />
      </button>
      <div
        aria-expanded={null}
        className="navbar-collapse collapse"
        id="basic-navbar-nav"
      >
        <div
          className="mr-auto navbar-nav"
          onKeyDown={[Function]}
        >
          <a
            className="nav-link"
            data-rb-event-key="/about"
            href="/about"
            onClick={[Function]}
            onKeyDown={[Function]}
          >
            About Us
          </a>
          <a
            className="nav-link"
            data-rb-event-key="/about/whoare"
            href="/about/whoare"
            onClick={[Function]}
            onKeyDown={[Function]}
          >
            Who Are
          </a>
          <a
            className="nav-link"
            data-rb-event-key="/about/whereare"
            href="/about/whereare"
            onClick={[Function]}
            onKeyDown={[Function]}
          >
            Where Are
          </a>
        </div>
      </div>
    </nav>
  </header>
</div>
`;
